
mehaka@aklmehaka01 MINGW64 ~
$ git clone https://github.com/mehak-arora/Spec_flow_public
Cloning into 'Spec_flow_public'...
remote: Enumerating objects: 5, done.
remote: Counting objects: 100% (5/5), done.
remote: Compressing objects: 100% (5/5), done.
remote: Total 5 (delta 0), reused 0 (delta 0), pack-reused 0
Unpacking objects: 100% (5/5), 14.20 KiB | 660.00 KiB/s, done.

mehaka@aklmehaka01 MINGW64 ~
$ pwd
/c/Users/mehaka

mehaka@aklmehaka01 MINGW64 ~
$ ^C

mehaka@aklmehaka01 MINGW64 ~
$ cd spec_flow_public

mehaka@aklmehaka01 MINGW64 ~/spec_flow_public (master)
$ git status
On branch master
Your branch is up to date with 'origin/master'.

Changes not staged for commit:
  (use "git add <file>..." to update what will be committed)
  (use "git restore <file>..." to discard changes in working directory)
        modified:   UsefulLinks.txt

no changes added to commit (use "git add" and/or "git commit -a")

mehaka@aklmehaka01 MINGW64 ~/spec_flow_public (master)
$ git add .

mehaka@aklmehaka01 MINGW64 ~/spec_flow_public (master)
$ git commit -m "mehak adding"
[master fbef0ba] mehak adding
 Committer: Mehak Arora <mehaka@bravurasolutions.com>
Your name and email address were configured automatically based
on your username and hostname. Please check that they are accurate.
You can suppress this message by setting them explicitly:

    git config --global user.name "Your Name"
    git config --global user.email you@example.com

After doing this, you may fix the identity used for this commit with:

    git commit --amend --reset-author

 1 file changed, 15 insertions(+), 1 deletion(-)

mehaka@aklmehaka01 MINGW64 ~/spec_flow_public (master)
$ git push
Enumerating objects: 5, done.
Counting objects: 100% (5/5), done.
Delta compression using up to 8 threads
Compressing objects: 100% (3/3), done.
Writing objects: 100% (3/3), 341 bytes | 341.00 KiB/s, done.
Total 3 (delta 2), reused 0 (delta 0), pack-reused 0
remote: Resolving deltas: 100% (2/2), completed with 2 local objects.
To https://github.com/mehak-arora/Spec_flow_public
   e3bcf0d..fbef0ba  master -> master

mehaka@aklmehaka01 MINGW64 ~/spec_flow_public (master)
